#ا #ا #ا# ا# ا
#ب #ب #ب# ب# ب
#ت #ت #ت# ت# ت
#ة #ة #ة# ة# ة
#ث #ث #ث# ث# ث
#ج #ج #ج# ج# ج
#ح #ح #ح# ح# ح
#خ #خ #خ# خ# خ
#د #د #د# د# د
#ذ #ذ #ذ# ذ# ذ
#ر #ر #ر# ر# ر
#ز #ز #ز# ز# ز
#س #س #س# س# س
#ش #ش #ش# ش# ش
#ص #ص #ص# ص# ص
#ض #ض #ض# ض# ض
#ط #ط #ط# ط# ط
#ظ #ظ #ظ# ظ# ظ
#ع #ع #ع# ع# ع
#غ #غ #غ# غ# غ
#ف #ف #ف# ف# ف
#ق #ق #ق# ق# ق
#ك #ك #ك# ك# ك
#ل #ل #ل# ل# ل
#م #م #م# م# م
#ن #ن #ن# ن# ن
#ه #ه #ه# ه# ه
#و #و #و# و# و
#ى #ى #ى# ى# ى #ي
#ي #ي #ي# ي# ي
#ء #ء #ء# ء# ء
#ا# #ا #ا# ا# ا
#ب# #ب #ب# ب# ب #ي#
#ت# #ت #ت# ت# ت
#ة# #ة #ة# ة# ة
#ث# #ث #ث# ث# ث
#ج# #ج #ج# ج# ج
#ح# #ح #ح# ح# ح
#خ# #خ #خ# خ# خ
#د# #د #د# د# د
#ذ# #ذ #ذ# ذ# ذ
#ر# #ر #ر# ر# ر
#ز# #ز #ز# ز# ز
#س# #س #س# س# س
#ش# #ش #ش# ش# ش
#ص# #ص #ص# ص# ص
#ض# #ض #ض# ض# ض
#ط# #ط #ط# ط# ط
#ظ# #ظ #ظ# ظ# ظ
#ع# #ع #ع# ع# ع
#غ# #غ #غ# غ# غ
#ف# #ف #ف# ف# ف
#ق# #ق #ق# ق# ق
#ك# #ك #ك# ك# ك
#ل# #ل #ل# ل# ل
#م# #م #م# م# م
#ن# #ن #ن# ن# ن #ت# ت#
#ه# #ه #ه# ه# ه
#و# #و #و# و# و #ا# #ؤ#
#ى# #ى #ى# ى# ى #ي
#ي# #ي #ي# ي# ي #ئ#
#ء# #ء #ء# ء# ء
ا# #ا #ا# ا# ا
ب# #ب #ب# ب# ب ي#
ت# #ت #ت# ت# ت
ة# #ة #ة# ة# ة
ث# #ث #ث# ث# ث
ج# #ج #ج# ج# ج
ح# #ح #ح# ح# ح
خ# #خ #خ# خ# خ
د# #د #د# د# د
ذ# #ذ #ذ# ذ# ذ
ر# #ر #ر# ر# ر
ز# #ز #ز# ز# ز
س# #س #س# س# س
ش# #ش #ش# ش# ش
ص# #ص #ص# ص# ص
ض# #ض #ض# ض# ض
ط# #ط #ط# ط# ط
ظ# #ظ #ظ# ظ# ظ
ع# #ع #ع# ع# ع
غ# #غ #غ# غ# غ
ف# #ف #ف# ف# ف
ق# #ق #ق# ق# ق
ك# #ك #ك# ك# ك
ل# #ل #ل# ل# ل
م# #م #م# م# م
ن# #ن #ن# ن# ن ت#
ه# #ه #ه# ه# ه
و# #و #و# و# و
ى# #ى #ى# ى# ى
ي# #ي #ي# ي# ي
ء# #ء #ء# ء# ء
ا #ا #ا# ا# ا
ب #ب #ب# ب# ب
ت #ت #ت# ت# ت
ة #ة #ة# ة# ة
ث #ث #ث# ث# ث
ج #ج #ج# ج# ج
ح #ح #ح# ح# ح
خ #خ #خ# خ# خ
د #د #د# د# د
ذ #ذ #ذ# ذ# ذ
ر #ر #ر# ر# ر
ز #ز #ز# ز# ز
س #س #س# س# س
ش #ش #ش# ش# ش
ص #ص #ص# ص# ص
ض #ض #ض# ض# ض
ط #ط #ط# ط# ط
ظ #ظ #ظ# ظ# ظ
ع #ع #ع# ع# ع
غ #غ #غ# غ# غ
ف #ف #ف# ف# ف
ق #ق #ق# ق# ق
ك #ك #ك# ك# ك
ل #ل #ل# ل# ل
م #م #م# م# م
ن #ن #ن# ن# ن
ه #ه #ه# ه# ه
و #و #و# و# و
ى #ى #ى# ى# ى
ي #ي #ي# ي# ي
ء #ء #ء# ء# ء
#٪ #٪
#٪# #٪#
٪# ٪#
٪ ٪
#؍ #؍
#؍# #؍#
؍# ؍#
؍ ؍
#٬ #٬
#٬# #٬#
٬# ٬#
٬ ٬
#؊ #؊
#؊# #؊#
؊# ؊#
؊ ؊
#؉ #؉
#؉# #؉#
؉# ؉#
؉ ؉
#؞ #؞
#؞# #؞#
؞# ؞#
؞ ؞
#؛ #؛
#؛# #؛#
؛# ؛#
؛ ؛
#٭ #٭
#٭# #٭#
٭# ٭#
٭ ٭
#٫ #٫
#٫# #٫#
٫# ٫#
٫ ٫
#؟ #؟
#؟# #؟#
؟# ؟#
؟ ؟
#، #،
#،# #،#
،# ،#
، ،
#۔ #۔
#۔# #۔#
۔# ۔#
۔ ۔
؀ ؀
#؀ #؀
؀# ؀#
#؀# #؀#
؁ ؁
#؁ #؁
؁# ؁#
#؁# #؁#
؂ ؂
#؂ #؂
؂# ؂#
#؂# #؂#
؃ ؃
#؃ #؃
؃# ؃#
#؃# #؃#
؄ ؄
#؄ #؄
؄# ؄#
#؄# #؄#
؅ ؅
#؅ #؅
؅# ؅#
#؅# #؅#
؆ ؆
#؆ #؆
؆# ؆#
#؆# #؆#
؇ ؇
#؇ #؇
؇# ؇#
#؇# #؇#
؈ ؈
#؈ #؈
؈# ؈#
#؈# #؈#
؉ ؉
#؉ #؉
؉# ؉#
#؉# #؉#
؊ ؊
#؊ #؊
؊# ؊#
#؊# #؊#
؋ ؋
#؋ #؋
؋# ؋#
#؋# #؋#
، ،
#، #،
،# ،#
#،# #،#
؍ ؍
#؍ #؍
؍# ؍#
#؍# #؍#
؎ ؎
#؎ #؎
؎# ؎#
#؎# #؎#
؏ ؏
#؏ #؏
؏# ؏#
#؏# #؏#
ؐ ؐ
#ؐ #ؐ
ؐ# ؐ#
#ؐ# #ؐ#
ؑ ؑ
#ؑ #ؑ
ؑ# ؑ#
#ؑ# #ؑ#
ؒ ؒ
#ؒ #ؒ
ؒ# ؒ#
#ؒ# #ؒ#
ؓ ؓ
#ؓ #ؓ
ؓ# ؓ#
#ؓ# #ؓ#
ؔ ؔ
#ؔ #ؔ
ؔ# ؔ#
#ؔ# #ؔ#
ؕ ؕ
#ؕ #ؕ
ؕ# ؕ#
#ؕ# #ؕ#
ؖ ؖ
#ؖ #ؖ
ؖ# ؖ#
#ؖ# #ؖ#
ؗ ؗ
#ؗ #ؗ
ؗ# ؗ#
#ؗ# #ؗ#
ؘ ؘ
#ؘ #ؘ
ؘ# ؘ#
#ؘ# #ؘ#
ؙ ؙ
#ؙ #ؙ
ؙ# ؙ#
#ؙ# #ؙ#
ؚ ؚ
#ؚ #ؚ
ؚ# ؚ#
#ؚ# #ؚ#
؛ ؛
#؛ #؛
؛# ؛#
#؛# #؛#
؜ ؜
#؜ #؜
؜# ؜#
#؜# #؜#
؝ ؝
#؝ #؝
؝# ؝#
#؝# #؝#
؞ ؞
#؞ #؞
؞# ؞#
#؞# #؞#
؟ ؟
#؟ #؟
؟# ؟#
#؟# #؟#
ؠ ؠ
#ؠ #ؠ
ؠ# ؠ#
#ؠ# #ؠ#
آ آ
#آ #آ
آ# آ#
#آ# #آ#
أ أ
#أ #أ
أ# أ#
#أ# #أ#
ؤ ؤ
#ؤ #ؤ
ؤ# ؤ#
#ؤ# #ؤ#
إ إ
#إ #إ
إ# إ#
#إ# #إ#
ئ ئ
#ئ #ئ
ئ# ئ#
#ئ# #ئ#
ػ ػ
#ػ #ػ
ػ# ػ#
#ػ# #ػ#
ؼ ؼ
#ؼ #ؼ
ؼ# ؼ#
#ؼ# #ؼ#
ؽ ؽ
#ؽ #ؽ
ؽ# ؽ#
#ؽ# #ؽ#
ؾ ؾ
#ؾ #ؾ
ؾ# ؾ#
#ؾ# #ؾ#
ؿ ؿ
#ؿ #ؿ
ؿ# ؿ#
#ؿ# #ؿ#
ـ ـ
#ـ #ـ
ـ# ـ#
#ـ# #ـ#
ً ً
#ً #ً
ً# ً#
#ً# #ً#
ٌ ٌ
#ٌ #ٌ
ٌ# ٌ#
#ٌ# #ٌ#
ٍ ٍ
#ٍ #ٍ
ٍ# ٍ#
#ٍ# #ٍ#
َ َ
#َ #َ
َ# َ#
#َ# #َ#
ُ ُ
#ُ #ُ
ُ# ُ#
#ُ# #ُ#
ِ ِ
#ِ #ِ
ِ# ِ#
#ِ# #ِ#
ّ ّ
#ّ #ّ
ّ# ّ#
#ّ# #ّ#
ْ ْ
#ْ #ْ
ْ# ْ#
#ْ# #ْ#
ٓ ٓ
#ٓ #ٓ
ٓ# ٓ#
#ٓ# #ٓ#
ٔ ٔ
#ٔ #ٔ
ٔ# ٔ#
#ٔ# #ٔ#
ٕ ٕ
#ٕ #ٕ
ٕ# ٕ#
#ٕ# #ٕ#
ٖ ٖ
#ٖ #ٖ
ٖ# ٖ#
#ٖ# #ٖ#
ٗ ٗ
#ٗ #ٗ
ٗ# ٗ#
#ٗ# #ٗ#
٘ ٘
#٘ #٘
٘# ٘#
#٘# #٘#
ٙ ٙ
#ٙ #ٙ
ٙ# ٙ#
#ٙ# #ٙ#
ٚ ٚ
#ٚ #ٚ
ٚ# ٚ#
#ٚ# #ٚ#
ٛ ٛ
#ٛ #ٛ
ٛ# ٛ#
#ٛ# #ٛ#
ٜ ٜ
#ٜ #ٜ
ٜ# ٜ#
#ٜ# #ٜ#
ٝ ٝ
#ٝ #ٝ
ٝ# ٝ#
#ٝ# #ٝ#
ٞ ٞ
#ٞ #ٞ
ٞ# ٞ#
#ٞ# #ٞ#
ٟ ٟ
#ٟ #ٟ
ٟ# ٟ#
#ٟ# #ٟ#
٠ ٠
#٠ #٠
٠# ٠#
#٠# #٠#
١ ١
#١ #١
١# ١#
#١# #١#
٢ ٢
#٢ #٢
٢# ٢#
#٢# #٢#
٣ ٣
#٣ #٣
٣# ٣#
#٣# #٣#
٤ ٤
#٤ #٤
٤# ٤#
#٤# #٤#
٥ ٥
#٥ #٥
٥# ٥#
#٥# #٥#
٦ ٦
#٦ #٦
٦# ٦#
#٦# #٦#
٧ ٧
#٧ #٧
٧# ٧#
#٧# #٧#
٨ ٨
#٨ #٨
٨# ٨#
#٨# #٨#
٩ ٩
#٩ #٩
٩# ٩#
#٩# #٩#
٪ ٪
#٪ #٪
٪# ٪#
#٪# #٪#
٫ ٫
#٫ #٫
٫# ٫#
#٫# #٫#
٬ ٬
#٬ #٬
٬# ٬#
#٬# #٬#
٭ ٭
#٭ #٭
٭# ٭#
#٭# #٭#
ٮ ٮ
#ٮ #ٮ
ٮ# ٮ#
#ٮ# #ٮ#
ٯ ٯ
#ٯ #ٯ
ٯ# ٯ#
#ٯ# #ٯ#
ٰ ٰ
#ٰ #ٰ
ٰ# ٰ#
#ٰ# #ٰ#
ٱ ٱ
#ٱ #ٱ
ٱ# ٱ#
#ٱ# #ٱ#
ٲ ٲ
#ٲ #ٲ
ٲ# ٲ#
#ٲ# #ٲ#
ٳ ٳ
#ٳ #ٳ
ٳ# ٳ#
#ٳ# #ٳ#
ٴ ٴ
#ٴ #ٴ
ٴ# ٴ#
#ٴ# #ٴ#
ٵ ٵ
#ٵ #ٵ
ٵ# ٵ#
#ٵ# #ٵ#
ٶ ٶ
#ٶ #ٶ
ٶ# ٶ#
#ٶ# #ٶ#
ٷ ٷ
#ٷ #ٷ
ٷ# ٷ#
#ٷ# #ٷ#
ٸ ٸ
#ٸ #ٸ
ٸ# ٸ#
#ٸ# #ٸ#
ٹ ٹ
#ٹ #ٹ
ٹ# ٹ#
#ٹ# #ٹ#
ٺ ٺ
#ٺ #ٺ
ٺ# ٺ#
#ٺ# #ٺ#
ٻ ٻ
#ٻ #ٻ
ٻ# ٻ#
#ٻ# #ٻ#
ټ ټ
#ټ #ټ
ټ# ټ#
#ټ# #ټ#
ٽ ٽ
#ٽ #ٽ
ٽ# ٽ#
#ٽ# #ٽ#
پ پ
#پ #پ
پ# پ#
#پ# #پ#
ٿ ٿ
#ٿ #ٿ
ٿ# ٿ#
#ٿ# #ٿ#
ڀ ڀ
#ڀ #ڀ
ڀ# ڀ#
#ڀ# #ڀ#
ځ ځ
#ځ #ځ
ځ# ځ#
#ځ# #ځ#
ڂ ڂ
#ڂ #ڂ
ڂ# ڂ#
#ڂ# #ڂ#
ڃ ڃ
#ڃ #ڃ
ڃ# ڃ#
#ڃ# #ڃ#
ڄ ڄ
#ڄ #ڄ
ڄ# ڄ#
#ڄ# #ڄ#
څ څ
#څ #څ
څ# څ#
#څ# #څ#
چ چ
#چ #چ
چ# چ#
#چ# #چ#
ڇ ڇ
#ڇ #ڇ
ڇ# ڇ#
#ڇ# #ڇ#
ڈ ڈ
#ڈ #ڈ
ڈ# ڈ#
#ڈ# #ڈ#
ډ ډ
#ډ #ډ
ډ# ډ#
#ډ# #ډ#
ڊ ڊ
#ڊ #ڊ
ڊ# ڊ#
#ڊ# #ڊ#
ڋ ڋ
#ڋ #ڋ
ڋ# ڋ#
#ڋ# #ڋ#
ڌ ڌ
#ڌ #ڌ
ڌ# ڌ#
#ڌ# #ڌ#
ڍ ڍ
#ڍ #ڍ
ڍ# ڍ#
#ڍ# #ڍ#
ڎ ڎ
#ڎ #ڎ
ڎ# ڎ#
#ڎ# #ڎ#
ڏ ڏ
#ڏ #ڏ
ڏ# ڏ#
#ڏ# #ڏ#
ڐ ڐ
#ڐ #ڐ
ڐ# ڐ#
#ڐ# #ڐ#
ڑ ڑ
#ڑ #ڑ
ڑ# ڑ#
#ڑ# #ڑ#
ڒ ڒ
#ڒ #ڒ
ڒ# ڒ#
#ڒ# #ڒ#
ړ ړ
#ړ #ړ
ړ# ړ#
#ړ# #ړ#
ڔ ڔ
#ڔ #ڔ
ڔ# ڔ#
#ڔ# #ڔ#
ڕ ڕ
#ڕ #ڕ
ڕ# ڕ#
#ڕ# #ڕ#
ږ ږ
#ږ #ږ
ږ# ږ#
#ږ# #ږ#
ڗ ڗ
#ڗ #ڗ
ڗ# ڗ#
#ڗ# #ڗ#
ژ ژ
#ژ #ژ
ژ# ژ#
#ژ# #ژ#
ڙ ڙ
#ڙ #ڙ
ڙ# ڙ#
#ڙ# #ڙ#
ښ ښ
#ښ #ښ
ښ# ښ#
#ښ# #ښ#
ڛ ڛ
#ڛ #ڛ
ڛ# ڛ#
#ڛ# #ڛ#
ڜ ڜ
#ڜ #ڜ
ڜ# ڜ#
#ڜ# #ڜ#
ڝ ڝ
#ڝ #ڝ
ڝ# ڝ#
#ڝ# #ڝ#
ڞ ڞ
#ڞ #ڞ
ڞ# ڞ#
#ڞ# #ڞ#
ڟ ڟ
#ڟ #ڟ
ڟ# ڟ#
#ڟ# #ڟ#
ڠ ڠ
#ڠ #ڠ
ڠ# ڠ#
#ڠ# #ڠ#
ڡ ڡ
#ڡ #ڡ
ڡ# ڡ#
#ڡ# #ڡ#
ڢ ڢ
#ڢ #ڢ
ڢ# ڢ#
#ڢ# #ڢ#
ڣ ڣ
#ڣ #ڣ
ڣ# ڣ#
#ڣ# #ڣ#
ڤ ڤ
#ڤ #ڤ
ڤ# ڤ#
#ڤ# #ڤ#
ڥ ڥ
#ڥ #ڥ
ڥ# ڥ#
#ڥ# #ڥ#
ڦ ڦ
#ڦ #ڦ
ڦ# ڦ#
#ڦ# #ڦ#
ڧ ڧ
#ڧ #ڧ
ڧ# ڧ#
#ڧ# #ڧ#
ڨ ڨ
#ڨ #ڨ
ڨ# ڨ#
#ڨ# #ڨ#
ک ک
#ک #ک
ک# ک#
#ک# #ک#
ڪ ڪ
#ڪ #ڪ
ڪ# ڪ#
#ڪ# #ڪ#
ګ ګ
#ګ #ګ
ګ# ګ#
#ګ# #ګ#
ڬ ڬ
#ڬ #ڬ
ڬ# ڬ#
#ڬ# #ڬ#
ڭ ڭ
#ڭ #ڭ
ڭ# ڭ#
#ڭ# #ڭ#
ڮ ڮ
#ڮ #ڮ
ڮ# ڮ#
#ڮ# #ڮ#
گ گ
#گ #گ
گ# گ#
#گ# #گ#
ڰ ڰ
#ڰ #ڰ
ڰ# ڰ#
#ڰ# #ڰ#
ڱ ڱ
#ڱ #ڱ
ڱ# ڱ#
#ڱ# #ڱ#
ڲ ڲ
#ڲ #ڲ
ڲ# ڲ#
#ڲ# #ڲ#
ڳ ڳ
#ڳ #ڳ
ڳ# ڳ#
#ڳ# #ڳ#
ڴ ڴ
#ڴ #ڴ
ڴ# ڴ#
#ڴ# #ڴ#
ڵ ڵ
#ڵ #ڵ
ڵ# ڵ#
#ڵ# #ڵ#
ڶ ڶ
#ڶ #ڶ
ڶ# ڶ#
#ڶ# #ڶ#
ڷ ڷ
#ڷ #ڷ
ڷ# ڷ#
#ڷ# #ڷ#
ڸ ڸ
#ڸ #ڸ
ڸ# ڸ#
#ڸ# #ڸ#
ڹ ڹ
#ڹ #ڹ
ڹ# ڹ#
#ڹ# #ڹ#
ں ں
#ں #ں
ں# ں#
#ں# #ں#
ڻ ڻ
#ڻ #ڻ
ڻ# ڻ#
#ڻ# #ڻ#
ڼ ڼ
#ڼ #ڼ
ڼ# ڼ#
#ڼ# #ڼ#
ڽ ڽ
#ڽ #ڽ
ڽ# ڽ#
#ڽ# #ڽ#
ھ ھ
#ھ #ھ
ھ# ھ#
#ھ# #ھ#
ڿ ڿ
#ڿ #ڿ
ڿ# ڿ#
#ڿ# #ڿ#
ۀ ۀ
#ۀ #ۀ
ۀ# ۀ#
#ۀ# #ۀ#
ہ ہ
#ہ #ہ
ہ# ہ#
#ہ# #ہ#
ۂ ۂ
#ۂ #ۂ
ۂ# ۂ#
#ۂ# #ۂ#
ۃ ۃ
#ۃ #ۃ
ۃ# ۃ#
#ۃ# #ۃ#
ۄ ۄ
#ۄ #ۄ
ۄ# ۄ#
#ۄ# #ۄ#
ۅ ۅ
#ۅ #ۅ
ۅ# ۅ#
#ۅ# #ۅ#
ۆ ۆ
#ۆ #ۆ
ۆ# ۆ#
#ۆ# #ۆ#
ۇ ۇ
#ۇ #ۇ
ۇ# ۇ#
#ۇ# #ۇ#
ۈ ۈ
#ۈ #ۈ
ۈ# ۈ#
#ۈ# #ۈ#
ۉ ۉ
#ۉ #ۉ
ۉ# ۉ#
#ۉ# #ۉ#
ۊ ۊ
#ۊ #ۊ
ۊ# ۊ#
#ۊ# #ۊ#
ۋ ۋ
#ۋ #ۋ
ۋ# ۋ#
#ۋ# #ۋ#
ی ی
#ی #ی
ی# ی#
#ی# #ی#
ۍ ۍ
#ۍ #ۍ
ۍ# ۍ#
#ۍ# #ۍ#
ێ ێ
#ێ #ێ
ێ# ێ#
#ێ# #ێ#
ۏ ۏ
#ۏ #ۏ
ۏ# ۏ#
#ۏ# #ۏ#
ې ې
#ې #ې
ې# ې#
#ې# #ې#
ۑ ۑ
#ۑ #ۑ
ۑ# ۑ#
#ۑ# #ۑ#
ے ے
#ے #ے
ے# ے#
#ے# #ے#
ۓ ۓ
#ۓ #ۓ
ۓ# ۓ#
#ۓ# #ۓ#
۔ ۔
#۔ #۔
۔# ۔#
#۔# #۔#
ە ە
#ە #ە
ە# ە#
#ە# #ە#
ۖ ۖ
#ۖ #ۖ
ۖ# ۖ#
#ۖ# #ۖ#
ۗ ۗ
#ۗ #ۗ
ۗ# ۗ#
#ۗ# #ۗ#
ۘ ۘ
#ۘ #ۘ
ۘ# ۘ#
#ۘ# #ۘ#
ۙ ۙ
#ۙ #ۙ
ۙ# ۙ#
#ۙ# #ۙ#
ۚ ۚ
#ۚ #ۚ
ۚ# ۚ#
#ۚ# #ۚ#
ۛ ۛ
#ۛ #ۛ
ۛ# ۛ#
#ۛ# #ۛ#
ۜ ۜ
#ۜ #ۜ
ۜ# ۜ#
#ۜ# #ۜ#
۝ ۝
#۝ #۝
۝# ۝#
#۝# #۝#
۞ ۞
#۞ #۞
۞# ۞#
#۞# #۞#
۟ ۟
#۟ #۟
۟# ۟#
#۟# #۟#
۠ ۠
#۠ #۠
۠# ۠#
#۠# #۠#
ۡ ۡ
#ۡ #ۡ
ۡ# ۡ#
#ۡ# #ۡ#
ۢ ۢ
#ۢ #ۢ
ۢ# ۢ#
#ۢ# #ۢ#
ۣ ۣ
#ۣ #ۣ
ۣ# ۣ#
#ۣ# #ۣ#
ۤ ۤ
#ۤ #ۤ
ۤ# ۤ#
#ۤ# #ۤ#
ۥ ۥ
#ۥ #ۥ
ۥ# ۥ#
#ۥ# #ۥ#
ۦ ۦ
#ۦ #ۦ
ۦ# ۦ#
#ۦ# #ۦ#
ۧ ۧ
#ۧ #ۧ
ۧ# ۧ#
#ۧ# #ۧ#
ۨ ۨ
#ۨ #ۨ
ۨ# ۨ#
#ۨ# #ۨ#
۩ ۩
#۩ #۩
۩# ۩#
#۩# #۩#
۪ ۪
#۪ #۪
۪# ۪#
#۪# #۪#
۫ ۫
#۫ #۫
۫# ۫#
#۫# #۫#
۬ ۬
#۬ #۬
۬# ۬#
#۬# #۬#
ۭ ۭ
#ۭ #ۭ
ۭ# ۭ#
#ۭ# #ۭ#
ۮ ۮ
#ۮ #ۮ
ۮ# ۮ#
#ۮ# #ۮ#
ۯ ۯ
#ۯ #ۯ
ۯ# ۯ#
#ۯ# #ۯ#
۰ ۰
#۰ #۰
۰# ۰#
#۰# #۰#
۱ ۱
#۱ #۱
۱# ۱#
#۱# #۱#
۲ ۲
#۲ #۲
۲# ۲#
#۲# #۲#
۳ ۳
#۳ #۳
۳# ۳#
#۳# #۳#
۴ ۴
#۴ #۴
۴# ۴#
#۴# #۴#
۵ ۵
#۵ #۵
۵# ۵#
#۵# #۵#
۶ ۶
#۶ #۶
۶# ۶#
#۶# #۶#
۷ ۷
#۷ #۷
۷# ۷#
#۷# #۷#
۸ ۸
#۸ #۸
۸# ۸#
#۸# #۸#
۹ ۹
#۹ #۹
۹# ۹#
#۹# #۹#
ۺ ۺ
#ۺ #ۺ
ۺ# ۺ#
#ۺ# #ۺ#
ۻ ۻ
#ۻ #ۻ
ۻ# ۻ#
#ۻ# #ۻ#
ۼ ۼ
#ۼ #ۼ
ۼ# ۼ#
#ۼ# #ۼ#
۽ ۽
#۽ #۽
۽# ۽#
#۽# #۽#
۾ ۾
#۾ #۾
۾# ۾#
#۾# #۾#
ۿ ۿ
#ۿ #ۿ
ۿ# ۿ#
#ۿ# #ۿ#
 
